// Jest Snapshot v1, https://goo.gl/fbAQLP

exports[`PokemonPage Component debe hacer match con el snapshot  1`] = `<h1>Espere por favor....</h1>`;

exports[`PokemonPage Component debe hacer match con el snapshot cuando cargan los pokemons 1`] = `
<div>
  <h1>Â¿Quien es este pokemon?</h1>
  <pokemon-picture-stub pokemonid="1" showpokemon="false" vidas="5" puntos="0"></pokemon-picture-stub>
  <pokemon-options-stub pokemons="[object Object],[object Object],[object Object],[object Object]"></pokemon-options-stub>
  <!--v-if-->
</div>
`;
