// Jest Snapshot v1, https://goo.gl/fbAQLP

exports[`PokemonPicture componet Debe hacer match con el snapshot 1`] = `[Function]`;
